%!Adobe-FontList 1.20
%Locale:0x409

%BeginFont
Handler:DirectoryHandler
FontType:TrueType
FontName:LexendDeca-Regular
FamilyName:Lexend Deca
StyleName:Regular
FullName:Lexend Deca Regular
MenuName:Lexend Deca
StyleBits:0
WritingScript:Roman
OutlineFileName:D:\77 Image Solitaire\Font\LexendDeca-VariableFont_wght.ttf
DataFormat:sfntData
hasSVG:no
VariableFontType:TrueTypeVariableFont
FileLength:174660
FileModTime:1758066372
WeightClass:400
WidthClass:5
AngleClass:0
NameArray:0,Win,1,Lexend Deca
%EndFont

